[INFO] [1781735550.273027701] [robotstate_bridge]: RobotState bridge started. Publishing 'robot_states' at 60.0 Hz
[INFO] [1781735550.273288967] [robotstate_bridge]: robot_state layout: [q(7), qdot(7), tau(7), q_des(7)]
Traceback (most recent call last):
  File "/home/siqin/ros2_workspaces/humble/ros2_pybullet_ws/build/iiwa_state_udp_bridge/iiwa_state_udp_bridge/robotstate_bridge.py", line 85, in main
    rclpy.spin(node)
  File "/opt/ros/humble/local/lib/python3.10/dist-packages/rclpy/__init__.py", line 229, in spin
    executor.spin_once()
  File "/opt/ros/humble/local/lib/python3.10/dist-packages/rclpy/executors.py", line 773, in spin_once
    self._spin_once_impl(timeout_sec)
  File "/opt/ros/humble/local/lib/python3.10/dist-packages/rclpy/executors.py", line 762, in _spin_once_impl
    handler, entity, node = self.wait_for_ready_callbacks(timeout_sec=timeout_sec)
  File "/opt/ros/humble/local/lib/python3.10/dist-packages/rclpy/executors.py", line 745, in wait_for_ready_callbacks
    return next(self._cb_iter)
  File "/opt/ros/humble/local/lib/python3.10/dist-packages/rclpy/executors.py", line 646, in _wait_for_ready_callbacks
    raise ExternalShutdownException()
rclpy.executors.ExternalShutdownException

During handling of the above exception, another exception occurred:

Traceback (most recent call last):
  File "/home/siqin/ros2_workspaces/humble/ros2_pybullet_ws/install/iiwa_state_udp_bridge/lib/iiwa_state_udp_bridge/robotstate_bridge", line 33, in <module>
    sys.exit(load_entry_point('iiwa-state-udp-bridge', 'console_scripts', 'robotstate_bridge')())
  File "/home/siqin/ros2_workspaces/humble/ros2_pybullet_ws/build/iiwa_state_udp_bridge/iiwa_state_udp_bridge/robotstate_bridge.py", line 90, in main
    rclpy.shutdown()
  File "/opt/ros/humble/local/lib/python3.10/dist-packages/rclpy/__init__.py", line 130, in shutdown
    _shutdown(context=context)
  File "/opt/ros/humble/local/lib/python3.10/dist-packages/rclpy/utilities.py", line 58, in shutdown
    return context.shutdown()
  File "/opt/ros/humble/local/lib/python3.10/dist-packages/rclpy/context.py", line 102, in shutdown
    self.__context.shutdown()
rclpy._rclpy_pybind11.RCLError: failed to shutdown: rcl_shutdown already called on the given context, at ./src/rcl/init.c:241
[ros2run]: Process exited with failure 1
