[INFO] [1767321380.499446431] [iiwa_impedance_controller]: Iiwa impedance controller started.
[INFO] [1767321380.499611511] [iiwa_impedance_controller]: [PARAM] k=800.0, d=40.0, tau_lim=200.0, ctrl_hz=200.0
Traceback (most recent call last):
  File "/home/siqin/ros2_pybullet_ws/build/pybullet_ros2_sim/pybullet_ros2_sim/iiwa_impedance_controller.py", line 78, in main
    rclpy.spin(node)
  File "/opt/ros/humble/local/lib/python3.10/dist-packages/rclpy/__init__.py", line 229, in spin
    executor.spin_once()
  File "/opt/ros/humble/local/lib/python3.10/dist-packages/rclpy/executors.py", line 773, in spin_once
    self._spin_once_impl(timeout_sec)
  File "/opt/ros/humble/local/lib/python3.10/dist-packages/rclpy/executors.py", line 770, in _spin_once_impl
    raise handler.exception()
  File "/opt/ros/humble/local/lib/python3.10/dist-packages/rclpy/task.py", line 254, in __call__
    self._handler.send(None)
  File "/opt/ros/humble/local/lib/python3.10/dist-packages/rclpy/executors.py", line 463, in handler
    await call_coroutine(entity, arg)
  File "/opt/ros/humble/local/lib/python3.10/dist-packages/rclpy/executors.py", line 371, in _execute_timer
    await await_or_execute(tmr.callback)
  File "/opt/ros/humble/local/lib/python3.10/dist-packages/rclpy/executors.py", line 107, in await_or_execute
    return callback(*args)
  File "/home/siqin/ros2_pybullet_ws/build/pybullet_ros2_sim/pybullet_ros2_sim/iiwa_impedance_controller.py", line 71, in control
    self.pub_tau.publish(out)
  File "/opt/ros/humble/local/lib/python3.10/dist-packages/rclpy/publisher.py", line 70, in publish
    self.__publisher.publish(msg)
rclpy._rclpy_pybind11.RCLError: Failed to publish: publisher's context is invalid, at ./src/rcl/publisher.c:389

During handling of the above exception, another exception occurred:

Traceback (most recent call last):
  File "/home/siqin/ros2_pybullet_ws/install/pybullet_ros2_sim/lib/pybullet_ros2_sim/iiwa_impedance_controller", line 33, in <module>
    sys.exit(load_entry_point('pybullet-ros2-sim', 'console_scripts', 'iiwa_impedance_controller')())
  File "/home/siqin/ros2_pybullet_ws/build/pybullet_ros2_sim/pybullet_ros2_sim/iiwa_impedance_controller.py", line 83, in main
    rclpy.shutdown()
  File "/opt/ros/humble/local/lib/python3.10/dist-packages/rclpy/__init__.py", line 130, in shutdown
    _shutdown(context=context)
  File "/opt/ros/humble/local/lib/python3.10/dist-packages/rclpy/utilities.py", line 58, in shutdown
    return context.shutdown()
  File "/opt/ros/humble/local/lib/python3.10/dist-packages/rclpy/context.py", line 102, in shutdown
    self.__context.shutdown()
rclpy._rclpy_pybind11.RCLError: failed to shutdown: rcl_shutdown already called on the given context, at ./src/rcl/init.c:241
