pybullet build time: Jan 29 2025 23:16:28
[INFO] [1767321380.505257612] [iiwa_circle_ik_desired]: Iiwa circle IK desired node started.
[INFO] [1767321380.505445364] [iiwa_circle_ik_desired]: center=(0.55,0.0,0.45), r=0.2, motion_hz=0.1
Traceback (most recent call last):
  File "/home/siqin/ros2_pybullet_ws/build/pybullet_ros2_sim/pybullet_ros2_sim/iiwa_circle_ik_desired.py", line 71, in main
    rclpy.spin(node)
  File "/opt/ros/humble/local/lib/python3.10/dist-packages/rclpy/__init__.py", line 229, in spin
    executor.spin_once()
  File "/opt/ros/humble/local/lib/python3.10/dist-packages/rclpy/executors.py", line 773, in spin_once
    self._spin_once_impl(timeout_sec)
  File "/opt/ros/humble/local/lib/python3.10/dist-packages/rclpy/executors.py", line 762, in _spin_once_impl
    handler, entity, node = self.wait_for_ready_callbacks(timeout_sec=timeout_sec)
  File "/opt/ros/humble/local/lib/python3.10/dist-packages/rclpy/executors.py", line 745, in wait_for_ready_callbacks
    return next(self._cb_iter)
  File "/opt/ros/humble/local/lib/python3.10/dist-packages/rclpy/executors.py", line 646, in _wait_for_ready_callbacks
    raise ExternalShutdownException()
rclpy.executors.ExternalShutdownException

During handling of the above exception, another exception occurred:

Traceback (most recent call last):
  File "/home/siqin/ros2_pybullet_ws/install/pybullet_ros2_sim/lib/pybullet_ros2_sim/iiwa_circle_ik_desired", line 33, in <module>
    sys.exit(load_entry_point('pybullet-ros2-sim', 'console_scripts', 'iiwa_circle_ik_desired')())
  File "/home/siqin/ros2_pybullet_ws/build/pybullet_ros2_sim/pybullet_ros2_sim/iiwa_circle_ik_desired.py", line 76, in main
    rclpy.shutdown()
  File "/opt/ros/humble/local/lib/python3.10/dist-packages/rclpy/__init__.py", line 130, in shutdown
    _shutdown(context=context)
  File "/opt/ros/humble/local/lib/python3.10/dist-packages/rclpy/utilities.py", line 58, in shutdown
    return context.shutdown()
  File "/opt/ros/humble/local/lib/python3.10/dist-packages/rclpy/context.py", line 102, in shutdown
    self.__context.shutdown()
rclpy._rclpy_pybind11.RCLError: failed to shutdown: rcl_shutdown already called on the given context, at ./src/rcl/init.c:241
