pybullet build time: Jan 29 2025 23:16:28
[INFO] [1781699149.784617597] [iiwa_circle_ik_desired_recording]: Iiwa circle IK recording node started. radius=0.035m speed=0.020m/s period=11.00s plane=xy velocity_lock=False
[WARN] [1781699152.571145517] [iiwa_circle_ik_desired_recording]: [INIT] /iiwa7/init_done not observed; locking current joint state after 2.8s for recording.
[INFO] [1781699152.571635299] [iiwa_circle_ik_desired_recording]: [INIT] locked q0=['-0.000', '0.578', '-0.000', '-1.156', '-0.000', '0.963', '0.000']
[INFO] [1781699152.571747698] [iiwa_circle_ik_desired_recording]: [INIT] circular Cartesian center=(0.659,-0.000,0.574)
[INFO] [1781699152.894223354] [iiwa_circle_ik_desired_recording]: [INIT] received /iiwa7/init_done=True
Traceback (most recent call last):
  File "/home/siqin/ros2_workspaces/humble/ros2_pybullet_ws/docs/recording_scripts/iiwa_circle_ik_desired_recording.py", line 209, in main
    rclpy.spin(node)
  File "/opt/ros/humble/local/lib/python3.10/dist-packages/rclpy/__init__.py", line 229, in spin
    executor.spin_once()
  File "/opt/ros/humble/local/lib/python3.10/dist-packages/rclpy/executors.py", line 773, in spin_once
    self._spin_once_impl(timeout_sec)
  File "/opt/ros/humble/local/lib/python3.10/dist-packages/rclpy/executors.py", line 762, in _spin_once_impl
    handler, entity, node = self.wait_for_ready_callbacks(timeout_sec=timeout_sec)
  File "/opt/ros/humble/local/lib/python3.10/dist-packages/rclpy/executors.py", line 745, in wait_for_ready_callbacks
    return next(self._cb_iter)
  File "/opt/ros/humble/local/lib/python3.10/dist-packages/rclpy/executors.py", line 646, in _wait_for_ready_callbacks
    raise ExternalShutdownException()
rclpy.executors.ExternalShutdownException

During handling of the above exception, another exception occurred:

Traceback (most recent call last):
  File "/home/siqin/ros2_workspaces/humble/ros2_pybullet_ws/docs/recording_scripts/iiwa_circle_ik_desired_recording.py", line 218, in <module>
    main()
  File "/home/siqin/ros2_workspaces/humble/ros2_pybullet_ws/docs/recording_scripts/iiwa_circle_ik_desired_recording.py", line 214, in main
    rclpy.shutdown()
  File "/opt/ros/humble/local/lib/python3.10/dist-packages/rclpy/__init__.py", line 130, in shutdown
    _shutdown(context=context)
  File "/opt/ros/humble/local/lib/python3.10/dist-packages/rclpy/utilities.py", line 58, in shutdown
    return context.shutdown()
  File "/opt/ros/humble/local/lib/python3.10/dist-packages/rclpy/context.py", line 102, in shutdown
    self.__context.shutdown()
rclpy._rclpy_pybind11.RCLError: failed to shutdown: rcl_shutdown already called on the given context, at ./src/rcl/init.c:241
