pybullet build time: Jan 29 2025 23:16:28
[INFO] [1769462567.964604033] [iiwa_pybullet_sim_node]: [MODE] -> TORQUE_CONTROL
[INFO] [1769462567.964837788] [iiwa_pybullet_sim_node]: Iiwa PyBullet sim node started.
[INFO] [1769462567.964951528] [iiwa_pybullet_sim_node]: Mode switch via /iiwa7/control_mode (std_msgs/Int8): 0=FREE, 1=POSITION, 2=TORQUE
[INFO] [1769462567.965066053] [iiwa_pybullet_sim_node]: Examples:
[INFO] [1769462567.965175292] [iiwa_pybullet_sim_node]:   ros2 topic pub --once /iiwa7/control_mode std_msgs/msg/Int8 '{data: 1}'
[INFO] [1769462567.965278989] [iiwa_pybullet_sim_node]:   ros2 topic pub --once /iiwa7/control_mode std_msgs/msg/Int8 '{data: 2}'
[INFO] [1769462567.965382805] [iiwa_pybullet_sim_node]:   ros2 topic pub --once /iiwa7/control_mode std_msgs/msg/Int8 '{data: 0}'
[INFO] [1769462568.966385167] [iiwa_pybullet_sim_node]: [DBG] phase=GOTO, mode=TAU, have_des=False, have_tau=True, q0=0.000, tau0=-0.00
[INFO] [1769462569.962289217] [iiwa_pybullet_sim_node]: [INIT] Published latched /iiwa7/init_done = True
[INFO] [1769462569.962519816] [iiwa_pybullet_sim_node]: [GOTO] done -> RUN
[INFO] [1769462569.965519156] [iiwa_pybullet_sim_node]: [DBG] phase=RUN, mode=TAU, have_des=False, have_tau=True, q0=0.000, tau0=0.01
[INFO] [1769462570.967056562] [iiwa_pybullet_sim_node]: [DBG] phase=RUN, mode=TAU, have_des=False, have_tau=True, q0=0.000, tau0=-19.83
[INFO] [1769462571.970905513] [iiwa_pybullet_sim_node]: [DBG] phase=RUN, mode=TAU, have_des=False, have_tau=True, q0=0.000, tau0=180.17
[INFO] [1769462572.965564479] [iiwa_pybullet_sim_node]: [DBG] phase=RUN, mode=TAU, have_des=False, have_tau=True, q0=0.000, tau0=169.17
X connection to :1 broken (explicit kill or server shutdown).
startThreads creating 1 threads.
starting thread 0
started thread 0 
argc=2
argv[0] = --unused
argv[1] = --start_demo_name=Physics Server
ExampleBrowserThreadFunc started
X11 functions dynamically loaded using dlopen/dlsym OK!
X11 functions dynamically loaded using dlopen/dlsym OK!
Creating context
Created GL 3.3 context
Direct GLX rendering context obtained
Making context current
GL_VENDOR=Mesa
GL_RENDERER=llvmpipe (LLVM 15.0.7, 256 bits)
GL_VERSION=4.5 (Core Profile) Mesa 23.2.1-1ubuntu3.1~22.04.3
GL_SHADING_LANGUAGE_VERSION=4.50
pthread_getconcurrency()=0
Version = 4.5 (Core Profile) Mesa 23.2.1-1ubuntu3.1~22.04.3
Vendor = Mesa
Renderer = llvmpipe (LLVM 15.0.7, 256 bits)
b3Printf: Selected demo: Physics Server
startThreads creating 1 threads.
starting thread 0
started thread 0 
MotionThreadFunc thread started
ven = Mesa
ven = Mesa
[ros2run]: Process exited with failure 1
